
> dodohabit-web@0.0.0 typecheck
> tsc --noEmit

src/pages/admin/AdminDashboard.jsx(95,45): error TS2322: Type 'string' is not assignable to type 'number'.
src/pages/admin/PostsList.jsx(108,45): error TS2322: Type 'string' is not assignable to type 'number'.
